---
source: src/main.rs
expression: "&fs::read_to_string(gen_file).unwrap()"
input_file: tests/test_basic_utf8_inline.rs
---
#[test]
#[rustfmt::skip]
fn test_non_basic_plane() {
    /* an offset here ❄️ */ insta::assert_snapshot!("a 😀oeu", @"a 😀oeu");
}

#[test]
fn test_remove_existing_value() {
    insta::assert_snapshot!("this is the new value", @"this is the new value");
}

#[test]
fn test_remove_existing_value_multiline() {
    insta::assert_snapshot!(
        "this is the new value",
        @"this is the new value"
    );
}

