Created: 2019-01-20T22:00:38.688320+00:00
Creator: insta@0.2.2
Expression: &new_value
Line: 12
Source: tests/test_redaction.rs

Mapping(
    Mapping {
        map: {
            String(
                "x"
            ): Mapping(
                Mapping {
                    map: {
                        String(
                            "y"
                        ): String(
                            "[redacted]"
                        )
                    }
                }
            )
        }
    }
)
