---
created: "2019-05-29T15:01:42.070559Z"
creator: insta@0.8.1
source: tests/test_redaction.rs
expression: "Selector::parse(\".foo.bar[:10]\").unwrap()"
---
Selector {
    selectors: [
        [
            Key(
                "foo",
            ),
            Key(
                "bar",
            ),
            Range(
                None,
                Some(
                    10,
                ),
            ),
        ],
    ],
}
