---
created: "2019-01-22T23:56:14.680821+00:00"
creator: insta@0.4.1
expression: "&User{id: Uuid::new_v4(),\n      username: \"john_ron\".to_string(),\n      email: Email(\"john@example.com\".to_string()),}"
source: tests/test_redaction.rs
---
User(
  id: "[uuid]",
  username: "john_ron",
  email: Email("john@example.com"),
)
