---
source: src/main.rs
expression: "&fs::read_to_string(gen_file).unwrap()"
input_file: tests/test_json_inline.rs
---
use serde::Serialize;

#[derive(Serialize)]
struct User {
    id: u64,
    email: String,
}

#[test]
fn test_json_snapshot() {
    let user = User {
        id: 42,
        email: "john.doe@example.com".into(),
    };
    insta::assert_json_snapshot!(&user, {
        ".id" => "[user_id]",
    }, @r###"
    {
      "id": "[user_id]",
      "email": "john.doe@example.com"
    }
    "###);
}

